1.169.137.128 -  - [29/Jun/2017:03:50:22 +0300] "GET /api/v2/banner/16852664 HTTP/1.1" 200 19415 "-" "Slotovod" "-" "1498697422-2118016444-4708-9752769" "712e90144abee9" 0.199
